2026-09-26T10:58:12 | INFO | mindcare | MindCare logging initialized
2026-09-26T10:58:34 | INFO | mindcare | MindCare logging initialized
2026-09-26T11:02:22 | INFO | mindcare | MindCare API initialized | version=1.2.0 | origins=6
2026-09-26T11:05:39 | INFO | mindcare | MindCare API initialized | version=1.2.0 | origins=6
2026-09-26T11:05:52 | INFO | mindcare | MindCare API initialized | version=1.2.0 | origins=6
2026-09-26T11:05:57 | INFO | mindcare | MindCare API initialized | version=1.2.0 | origins=6
2026-09-26T11:06:29 | INFO | mindcare | HTTP request | method=GET | path=/health | status=200 | duration_ms=0.58
2026-09-26T11:10:21 | INFO | mindcare | MindCare API initialized | version=1.2.0 | origins=6
2026-09-26T11:10:51 | INFO | mindcare | MindCare API initialized | version=1.2.0 | origins=6
2026-09-26T11:11:25 | INFO | mindcare | MindCare API initialized | version=1.2.0 | origins=6
2026-09-26T11:13:56 | INFO | mindcare | MindCare API initialized | version=1.2.0 | origins=6
2026-09-26T11:13:58 | INFO | mindcare | MindCare API initialized | version=1.2.0 | origins=6
2026-09-26T11:14:38 | INFO | mindcare | MindCare API initialized | version=1.2.0 | origins=6
2026-09-26T11:14:41 | INFO | mindcare | MindCare API initialized | version=1.2.0 | origins=6
2026-09-26T11:14:50 | INFO | mindcare | MindCare API initialized | version=1.2.0 | origins=6
2026-09-26T11:17:06 | INFO | mindcare | MindCare API initialized | version=1.2.0 | origins=6
2026-09-26T11:18:43 | INFO | mindcare | MindCare API initialized | version=1.2.0 | origins=6
2026-09-26T11:19:30 | INFO | mindcare | HTTP request | method=GET | path=/health | status=200 | duration_ms=0.66
2026-09-26T11:19:35 | INFO | mindcare | HTTP request | method=GET | path=/api/audit/count | status=200 | duration_ms=0.35
2026-09-26T11:20:25 | INFO | mindcare | Session manager initialized | max_sessions=1000 | ttl_seconds=7200
2026-09-26T11:20:25 | INFO | mindcare | Session created | active_sessions=1
2026-09-26T11:20:25 | INFO | mindcare | HTTP request | method=POST | path=/session | status=200 | duration_ms=1.69
2026-09-26T11:21:18 | INFO | mindcare | HTTP request | method=POST | path=/chat | status=200 | duration_ms=1.25
2026-09-26T11:21:28 | INFO | mindcare | HTTP request | method=GET | path=/api/audit/count | status=200 | duration_ms=0.39
2026-09-26T11:21:41 | INFO | mindcare | HTTP request | method=GET | path=/api/audit/recent | status=200 | duration_ms=0.41
2026-09-26T11:26:19 | INFO | mindcare | MindCare API initialized | version=1.2.0 | origins=6
2026-09-26T11:29:40 | INFO | mindcare | MindCare API initialized | version=1.2.0 | origins=6
2026-09-26T11:29:50 | INFO | mindcare | HTTP request | method=GET | path=/api/audit/count | status=200 | duration_ms=0.49
2026-09-26T11:29:59 | INFO | mindcare | HTTP request | method=POST | path=/chat | status=422 | duration_ms=7.47
2026-09-26T11:30:05 | INFO | mindcare | HTTP request | method=GET | path=/api/audit/count | status=200 | duration_ms=0.46
2026-09-26T11:31:15 | INFO | mindcare | Session manager initialized | max_sessions=1000 | ttl_seconds=7200
2026-09-26T11:31:15 | INFO | mindcare | Session created | active_sessions=1
2026-09-26T11:31:15 | INFO | mindcare | HTTP request | method=POST | path=/session | status=200 | duration_ms=0.91
2026-09-26T11:31:58 | INFO | mindcare | HTTP request | method=POST | path=/chat | status=200 | duration_ms=2.12
2026-09-26T11:32:05 | INFO | mindcare | HTTP request | method=GET | path=/api/audit/count | status=200 | duration_ms=0.36
2026-09-26T11:32:15 | INFO | mindcare | HTTP request | method=GET | path=/api/audit/recent | status=200 | duration_ms=0.65
2026-09-28T09:48:53 | INFO | mindcare | MindCare API initialized | version=1.2.0 | origins=6
2026-09-28T09:49:03 | INFO | mindcare | HTTP request | method=GET | path=/health | status=200 | duration_ms=0.44
2026-09-28T09:49:21 | INFO | mindcare | HTTP request | method=GET | path=/api/audit/count | status=401 | duration_ms=0.60
2026-09-28T09:49:32 | INFO | mindcare | HTTP request | method=GET | path=/api/audit/count | status=401 | duration_ms=0.54
2026-09-28T09:50:51 | INFO | mindcare | MindCare API initialized | version=1.2.0 | origins=6
2026-09-28T09:51:02 | INFO | mindcare | HTTP request | method=GET | path=/api/audit/count | status=401 | duration_ms=0.64
2026-09-28T09:51:48 | INFO | mindcare | MindCare API initialized | version=1.2.0 | origins=6
2026-09-28T09:52:52 | INFO | mindcare | HTTP request | method=GET | path=/api/audit/count | status=401 | duration_ms=1.29
2026-09-28T09:55:49 | INFO | mindcare | MindCare API initialized | version=1.2.0 | origins=6
2026-09-28T10:01:05 | INFO | mindcare | HTTP request | method=GET | path=/api/audit/count | status=401 | duration_ms=1.33
2026-09-28T10:05:36 | INFO | mindcare | MindCare API initialized | version=1.2.0 | origins=6
2026-09-28T10:05:47 | INFO | mindcare | HTTP request | method=GET | path=/api/audit/count | status=401 | duration_ms=0.61
2026-09-28T10:05:58 | INFO | mindcare | HTTP request | method=GET | path=/api/audit/count | status=401 | duration_ms=0.43
2026-09-28T15:30:11 | INFO | mindcare | MindCare API initialized | version=1.2.0 | origins=6
2026-09-28T16:02:57 | INFO | mindcare | MindCare API initialized | version=1.2.0 | origins=6
2026-09-28T16:03:34 | INFO | mindcare | MindCare API initialized | version=1.2.0 | origins=6
2026-09-28T16:03:58 | INFO | mindcare | MindCare API initialized | version=1.2.0 | origins=6
2026-09-28T16:05:50 | INFO | mindcare | MindCare API initialized | version=1.2.0 | origins=6
2026-09-28T16:08:41 | INFO | mindcare | MindCare API initialized | version=1.2.0 | origins=6
2026-09-28T16:26:13 | INFO | mindcare | MindCare API initialized | version=1.2.0 | origins=6
2026-09-28T16:59:17 | INFO | mindcare | MindCare API initialized | version=1.2.0 | origins=6
2026-09-28T16:59:58 | INFO | mindcare | MindCare API initialized | version=1.2.0 | origins=6
2026-09-28T17:00:01 | INFO | mindcare | MindCare API initialized | version=1.2.0 | origins=6
2026-09-28T17:00:04 | INFO | mindcare | MindCare API initialized | version=1.2.0 | origins=6
2026-09-28T17:00:06 | INFO | mindcare | MindCare API initialized | version=1.2.0 | origins=6
2026-09-28T17:00:07 | INFO | mindcare | MindCare API initialized | version=1.2.0 | origins=6
2026-09-28T17:13:07 | INFO | mindcare | MindCare API initialized | version=1.2.0 | origins=6
2026-09-28T17:13:23 | INFO | mindcare | MindCare API initialized | version=1.2.0 | origins=6
2026-09-28T17:16:18 | INFO | mindcare | MindCare API initialized | version=1.2.0 | origins=6
2026-09-28T17:16:18 | INFO | mindcare | HTTP request | method=GET | path=/health | status=200 | duration_ms=0.40
2026-09-28T17:16:18 | INFO | mindcare | HTTP request | method=GET | path=/chat | status=405 | duration_ms=0.19
2026-09-28T17:16:18 | INFO | mindcare | HTTP request | method=GET | path=/session | status=405 | duration_ms=0.11
2026-09-28T17:16:18 | INFO | mindcare | HTTP request | method=DELETE | path=/chat | status=405 | duration_ms=0.10
2026-09-28T17:16:18 | INFO | mindcare | HTTP request | method=GET | path=/api/nonexistent | status=404 | duration_ms=0.13
2026-09-28T17:16:18 | INFO | mindcare | HTTP request | method=POST | path=/session | status=422 | duration_ms=0.34
2026-09-28T17:16:18 | INFO | mindcare | HTTP request | method=POST | path=/chat | status=422 | duration_ms=0.26
2026-09-28T17:16:18 | INFO | mindcare | HTTP request | method=POST | path=/chat | status=422 | duration_ms=0.83
2026-09-28T17:16:18 | INFO | mindcare | HTTP request | method=POST | path=/chat | status=422 | duration_ms=0.36
2026-09-28T17:16:18 | INFO | mindcare | HTTP request | method=POST | path=/chat | status=422 | duration_ms=0.36
2026-09-28T17:16:18 | INFO | mindcare | HTTP request | method=POST | path=/chat | status=422 | duration_ms=0.28
2026-09-28T17:16:18 | INFO | mindcare | HTTP request | method=POST | path=/session | status=422 | duration_ms=0.28
2026-09-28T17:16:18 | INFO | mindcare | HTTP request | method=POST | path=/chat | status=422 | duration_ms=0.27
2026-09-28T17:16:18 | INFO | mindcare | HTTP request | method=POST | path=/chat | status=422 | duration_ms=0.43
2026-09-28T17:16:18 | INFO | mindcare | HTTP request | method=POST | path=/session | status=422 | duration_ms=0.32
2026-09-28T17:16:18 | INFO | mindcare | HTTP request | method=GET | path=/api/audit/count | status=401 | duration_ms=0.40
2026-09-28T17:16:18 | INFO | mindcare | HTTP request | method=GET | path=/api/audit/recent | status=401 | duration_ms=0.40
2026-09-28T17:16:18 | INFO | mindcare | HTTP request | method=GET | path=/api/audit/count | status=401 | duration_ms=1.00
2026-09-28T17:16:18 | INFO | mindcare | HTTP request | method=GET | path=/api/audit/recent | status=401 | duration_ms=0.40
2026-09-28T17:17:55 | INFO | mindcare | MindCare API initialized | version=1.2.0 | origins=6
2026-09-28T17:17:59 | INFO | mindcare | MindCare API initialized | version=1.2.0 | origins=6
2026-09-28T17:18:00 | INFO | mindcare | MindCare API initialized | version=1.2.0 | origins=6
2026-09-28T17:18:08 | INFO | mindcare | MindCare API initialized | version=1.2.0 | origins=6
2026-09-28T17:18:09 | INFO | mindcare | MindCare API initialized | version=1.2.0 | origins=6
2026-09-28T17:18:11 | INFO | mindcare | MindCare API initialized | version=1.2.0 | origins=6
2026-09-28T17:18:11 | INFO | mindcare | HTTP request | method=GET | path=/health | status=200 | duration_ms=0.48
2026-09-28T17:18:11 | INFO | mindcare | HTTP request | method=GET | path=/chat | status=405 | duration_ms=0.16
2026-09-28T17:18:11 | INFO | mindcare | HTTP request | method=GET | path=/session | status=405 | duration_ms=0.15
2026-09-28T17:18:11 | INFO | mindcare | HTTP request | method=DELETE | path=/chat | status=405 | duration_ms=0.14
2026-09-28T17:18:11 | INFO | mindcare | HTTP request | method=GET | path=/api/nonexistent | status=404 | duration_ms=0.31
2026-09-28T17:18:11 | INFO | mindcare | HTTP request | method=POST | path=/session | status=422 | duration_ms=0.43
2026-09-28T17:18:11 | INFO | mindcare | HTTP request | method=POST | path=/chat | status=422 | duration_ms=0.29
2026-09-28T17:18:11 | INFO | mindcare | HTTP request | method=POST | path=/chat | status=422 | duration_ms=0.34
2026-09-28T17:18:11 | INFO | mindcare | HTTP request | method=POST | path=/chat | status=422 | duration_ms=0.42
2026-09-28T17:18:11 | INFO | mindcare | HTTP request | method=POST | path=/chat | status=422 | duration_ms=0.32
2026-09-28T17:18:11 | INFO | mindcare | HTTP request | method=POST | path=/chat | status=422 | duration_ms=0.30
2026-09-28T17:18:11 | INFO | mindcare | HTTP request | method=POST | path=/session | status=422 | duration_ms=0.43
2026-09-28T17:18:11 | INFO | mindcare | HTTP request | method=POST | path=/chat | status=422 | duration_ms=0.30
2026-09-28T17:18:11 | INFO | mindcare | HTTP request | method=POST | path=/chat | status=422 | duration_ms=0.47
2026-09-28T17:18:11 | INFO | mindcare | HTTP request | method=POST | path=/session | status=422 | duration_ms=0.44
2026-09-28T17:18:11 | INFO | mindcare | HTTP request | method=GET | path=/api/audit/count | status=401 | duration_ms=0.38
2026-09-28T17:18:11 | INFO | mindcare | HTTP request | method=GET | path=/api/audit/recent | status=401 | duration_ms=0.41
2026-09-28T17:18:11 | INFO | mindcare | HTTP request | method=GET | path=/api/audit/count | status=401 | duration_ms=0.36
2026-09-28T17:18:11 | INFO | mindcare | HTTP request | method=GET | path=/api/audit/recent | status=401 | duration_ms=0.44
2026-09-28T17:20:50 | INFO | mindcare | MindCare API initialized | version=1.2.0 | origins=6
2026-09-28T17:20:54 | INFO | mindcare | MindCare API initialized | version=1.2.0 | origins=6
2026-09-28T17:20:54 | INFO | mindcare | HTTP request | method=GET | path=/health | status=200 | duration_ms=0.41
2026-09-28T17:20:54 | INFO | mindcare | HTTP request | method=GET | path=/chat | status=405 | duration_ms=0.13
2026-09-28T17:20:54 | INFO | mindcare | HTTP request | method=GET | path=/session | status=405 | duration_ms=0.12
2026-09-28T17:20:54 | INFO | mindcare | HTTP request | method=DELETE | path=/chat | status=405 | duration_ms=0.10
2026-09-28T17:20:54 | INFO | mindcare | HTTP request | method=GET | path=/api/nonexistent | status=404 | duration_ms=0.12
2026-09-28T17:20:54 | INFO | mindcare | HTTP request | method=POST | path=/session | status=422 | duration_ms=0.34
2026-09-28T17:20:54 | INFO | mindcare | HTTP request | method=POST | path=/chat | status=422 | duration_ms=0.30
2026-09-28T17:20:54 | INFO | mindcare | HTTP request | method=POST | path=/chat | status=422 | duration_ms=0.37
2026-09-28T17:20:54 | INFO | mindcare | HTTP request | method=POST | path=/chat | status=422 | duration_ms=0.41
2026-09-28T17:20:54 | INFO | mindcare | HTTP request | method=POST | path=/chat | status=422 | duration_ms=0.71
2026-09-28T17:20:54 | INFO | mindcare | HTTP request | method=POST | path=/chat | status=422 | duration_ms=0.42
2026-09-28T17:20:54 | INFO | mindcare | HTTP request | method=POST | path=/session | status=422 | duration_ms=0.47
2026-09-28T17:20:54 | INFO | mindcare | HTTP request | method=POST | path=/chat | status=422 | duration_ms=1.22
2026-09-28T17:20:54 | INFO | mindcare | HTTP request | method=POST | path=/chat | status=422 | duration_ms=0.57
2026-09-28T17:20:54 | INFO | mindcare | HTTP request | method=POST | path=/session | status=422 | duration_ms=1.01
2026-09-28T17:20:54 | INFO | mindcare | HTTP request | method=GET | path=/api/audit/count | status=401 | duration_ms=0.40
2026-09-28T17:20:54 | INFO | mindcare | HTTP request | method=GET | path=/api/audit/recent | status=401 | duration_ms=0.42
2026-09-28T17:20:54 | INFO | mindcare | HTTP request | method=GET | path=/api/audit/count | status=401 | duration_ms=0.31
2026-09-28T17:20:54 | INFO | mindcare | HTTP request | method=GET | path=/api/audit/recent | status=401 | duration_ms=0.42
2026-09-28T17:20:54 | INFO | mindcare | Session manager initialized | max_sessions=1000 | ttl_seconds=7200
2026-09-28T17:20:54 | INFO | mindcare | Session created | active_sessions=1
2026-09-28T17:20:54 | INFO | mindcare | HTTP request | method=POST | path=/session | status=200 | duration_ms=0.60
2026-09-28T17:20:54 | INFO | mindcare | HTTP request | method=POST | path=/chat | status=200 | duration_ms=1.30
2026-09-28T17:20:54 | INFO | mindcare | HTTP request | method=POST | path=/chat | status=200 | duration_ms=0.85
2026-09-28T17:20:54 | WARNING | mindcare | Chat rate limit exceeded | client=testclient
2026-09-28T17:20:54 | INFO | mindcare | HTTP request | method=POST | path=/chat | status=429 | duration_ms=0.47
2026-09-28T17:20:54 | INFO | mindcare | Session created | active_sessions=2
2026-09-28T17:20:54 | INFO | mindcare | HTTP request | method=POST | path=/session | status=200 | duration_ms=0.57
2026-09-28T17:20:54 | INFO | mindcare | Session created | active_sessions=3
2026-09-28T17:20:54 | INFO | mindcare | HTTP request | method=POST | path=/session | status=200 | duration_ms=0.74
2026-09-28T17:20:54 | WARNING | mindcare | Session creation rate limit exceeded | client=testclient
2026-09-28T17:20:54 | INFO | mindcare | HTTP request | method=POST | path=/session | status=429 | duration_ms=0.44
2026-09-28T17:25:32 | INFO | mindcare | MindCare API initialized | version=1.2.0 | origins=6
2026-09-28T17:25:57 | INFO | mindcare | MindCare API initialized | version=1.2.0 | origins=6
2026-09-28T17:26:15 | INFO | mindcare | MindCare API initialized | version=1.2.0 | origins=6
2026-09-28T17:26:15 | INFO | mindcare | Session manager initialized | max_sessions=1000 | ttl_seconds=7200
2026-09-28T17:26:15 | INFO | mindcare | Session created | active_sessions=1
2026-09-28T17:26:15 | INFO | mindcare | HTTP request | method=POST | path=/session | status=200 | duration_ms=0.86
2026-09-28T17:26:15 | INFO | mindcare | HTTP request | method=POST | path=/chat | status=200 | duration_ms=1.26
2026-09-28T17:26:15 | INFO | mindcare | HTTP request | method=POST | path=/chat | status=200 | duration_ms=0.74
2026-09-28T17:26:15 | INFO | mindcare | HTTP request | method=GET | path=/api/audit/recent | status=401 | duration_ms=0.41
2026-09-28T17:26:15 | INFO | mindcare | HTTP request | method=GET | path=/api/audit/recent | status=401 | duration_ms=0.32
2026-09-28T17:26:15 | INFO | mindcare | HTTP request | method=GET | path=/api/audit/recent | status=200 | duration_ms=0.63
2026-09-28T17:26:22 | INFO | mindcare | MindCare API initialized | version=1.2.0 | origins=6
2026-09-28T17:26:22 | INFO | mindcare | HTTP request | method=GET | path=/health | status=200 | duration_ms=0.43
2026-09-28T17:26:22 | INFO | mindcare | HTTP request | method=GET | path=/chat | status=405 | duration_ms=0.14
2026-09-28T17:26:22 | INFO | mindcare | HTTP request | method=GET | path=/session | status=405 | duration_ms=0.12
2026-09-28T17:26:22 | INFO | mindcare | HTTP request | method=DELETE | path=/chat | status=405 | duration_ms=0.12
2026-09-28T17:26:22 | INFO | mindcare | HTTP request | method=GET | path=/api/nonexistent | status=404 | duration_ms=0.12
2026-09-28T17:26:22 | INFO | mindcare | HTTP request | method=POST | path=/session | status=422 | duration_ms=0.35
2026-09-28T17:26:22 | INFO | mindcare | HTTP request | method=POST | path=/chat | status=422 | duration_ms=0.29
2026-09-28T17:26:22 | INFO | mindcare | HTTP request | method=POST | path=/chat | status=422 | duration_ms=0.33
2026-09-28T17:26:22 | INFO | mindcare | HTTP request | method=POST | path=/chat | status=422 | duration_ms=0.37
2026-09-28T17:26:22 | INFO | mindcare | HTTP request | method=POST | path=/chat | status=422 | duration_ms=0.31
2026-09-28T17:26:22 | INFO | mindcare | HTTP request | method=POST | path=/chat | status=422 | duration_ms=0.33
2026-09-28T17:26:22 | INFO | mindcare | HTTP request | method=POST | path=/session | status=422 | duration_ms=0.51
2026-09-28T17:26:22 | INFO | mindcare | HTTP request | method=POST | path=/chat | status=422 | duration_ms=0.29
2026-09-28T17:26:22 | INFO | mindcare | HTTP request | method=POST | path=/chat | status=422 | duration_ms=0.45
2026-09-28T17:26:22 | INFO | mindcare | HTTP request | method=POST | path=/session | status=422 | duration_ms=0.38
2026-09-28T17:26:22 | INFO | mindcare | HTTP request | method=GET | path=/api/audit/count | status=401 | duration_ms=0.35
2026-09-28T17:26:22 | INFO | mindcare | HTTP request | method=GET | path=/api/audit/recent | status=401 | duration_ms=0.39
2026-09-28T17:26:22 | INFO | mindcare | HTTP request | method=GET | path=/api/audit/count | status=401 | duration_ms=0.33
2026-09-28T17:26:22 | INFO | mindcare | HTTP request | method=GET | path=/api/audit/recent | status=401 | duration_ms=0.41
2026-09-28T17:26:22 | INFO | mindcare | Session manager initialized | max_sessions=1000 | ttl_seconds=7200
2026-09-28T17:26:22 | INFO | mindcare | Session created | active_sessions=1
2026-09-28T17:26:22 | INFO | mindcare | HTTP request | method=POST | path=/session | status=200 | duration_ms=0.61
2026-09-28T17:26:22 | INFO | mindcare | HTTP request | method=POST | path=/chat | status=200 | duration_ms=2.02
2026-09-28T17:26:22 | INFO | mindcare | HTTP request | method=POST | path=/chat | status=200 | duration_ms=0.85
2026-09-28T17:26:22 | WARNING | mindcare | Chat rate limit exceeded | client=testclient
2026-09-28T17:26:22 | INFO | mindcare | HTTP request | method=POST | path=/chat | status=429 | duration_ms=0.46
2026-09-28T17:26:22 | INFO | mindcare | Session created | active_sessions=2
2026-09-28T17:26:22 | INFO | mindcare | HTTP request | method=POST | path=/session | status=200 | duration_ms=0.55
2026-09-28T17:26:22 | INFO | mindcare | Session created | active_sessions=3
2026-09-28T17:26:22 | INFO | mindcare | HTTP request | method=POST | path=/session | status=200 | duration_ms=0.59
2026-09-28T17:26:22 | WARNING | mindcare | Session creation rate limit exceeded | client=testclient
2026-09-28T17:26:22 | INFO | mindcare | HTTP request | method=POST | path=/session | status=429 | duration_ms=0.40
2026-09-28T17:26:22 | INFO | mindcare | Session created | active_sessions=4
2026-09-28T17:26:22 | INFO | mindcare | HTTP request | method=POST | path=/session | status=200 | duration_ms=0.71
2026-09-28T17:26:22 | INFO | mindcare | HTTP request | method=POST | path=/chat | status=200 | duration_ms=1.17
2026-09-28T17:26:22 | INFO | mindcare | HTTP request | method=POST | path=/chat | status=200 | duration_ms=1.56
2026-09-28T17:26:22 | INFO | mindcare | HTTP request | method=GET | path=/api/audit/recent | status=401 | duration_ms=0.35
2026-09-28T17:26:22 | INFO | mindcare | HTTP request | method=GET | path=/api/audit/recent | status=401 | duration_ms=0.38
2026-09-28T17:26:22 | INFO | mindcare | HTTP request | method=GET | path=/api/audit/recent | status=200 | duration_ms=0.63
2026-09-28T17:39:21 | INFO | mindcare | MindCare API initialized | version=1.2.0 | origins=6
2026-09-28T17:39:21 | INFO | mindcare | HTTP request | method=GET | path=/health | status=200 | duration_ms=0.42
2026-09-28T17:39:21 | INFO | mindcare | HTTP request | method=GET | path=/chat | status=405 | duration_ms=0.13
2026-09-28T17:39:21 | INFO | mindcare | HTTP request | method=GET | path=/session | status=405 | duration_ms=0.12
2026-09-28T17:39:21 | INFO | mindcare | HTTP request | method=DELETE | path=/chat | status=405 | duration_ms=0.10
2026-09-28T17:39:21 | INFO | mindcare | HTTP request | method=GET | path=/api/nonexistent | status=404 | duration_ms=0.11
2026-09-28T17:39:21 | INFO | mindcare | HTTP request | method=POST | path=/session | status=422 | duration_ms=0.34
2026-09-28T17:39:21 | INFO | mindcare | HTTP request | method=POST | path=/chat | status=422 | duration_ms=0.31
2026-09-28T17:39:21 | INFO | mindcare | HTTP request | method=POST | path=/chat | status=422 | duration_ms=0.62
2026-09-28T17:39:21 | INFO | mindcare | HTTP request | method=POST | path=/chat | status=422 | duration_ms=0.43
2026-09-28T17:39:21 | INFO | mindcare | HTTP request | method=POST | path=/chat | status=422 | duration_ms=0.37
2026-09-28T17:39:21 | INFO | mindcare | HTTP request | method=POST | path=/chat | status=422 | duration_ms=0.30
2026-09-28T17:39:21 | INFO | mindcare | HTTP request | method=POST | path=/session | status=422 | duration_ms=0.34
2026-09-28T17:39:21 | INFO | mindcare | HTTP request | method=POST | path=/chat | status=422 | duration_ms=0.34
2026-09-28T17:39:21 | INFO | mindcare | HTTP request | method=POST | path=/chat | status=422 | duration_ms=0.42
2026-09-28T17:39:21 | INFO | mindcare | HTTP request | method=POST | path=/session | status=422 | duration_ms=0.36
2026-09-28T17:39:21 | INFO | mindcare | HTTP request | method=GET | path=/api/audit/count | status=401 | duration_ms=0.37
2026-09-28T17:39:21 | INFO | mindcare | HTTP request | method=GET | path=/api/audit/recent | status=401 | duration_ms=0.45
2026-09-28T17:39:21 | INFO | mindcare | HTTP request | method=GET | path=/api/audit/count | status=401 | duration_ms=0.38
2026-09-28T17:39:21 | INFO | mindcare | HTTP request | method=GET | path=/api/audit/recent | status=401 | duration_ms=0.41
2026-09-28T17:39:21 | INFO | mindcare | Session manager initialized | max_sessions=1000 | ttl_seconds=7200
2026-09-28T17:39:21 | INFO | mindcare | Session created | active_sessions=1
2026-09-28T17:39:21 | INFO | mindcare | HTTP request | method=POST | path=/session | status=200 | duration_ms=0.74
2026-09-28T17:39:21 | INFO | mindcare | HTTP request | method=POST | path=/chat | status=200 | duration_ms=1.34
2026-09-28T17:39:21 | INFO | mindcare | HTTP request | method=POST | path=/chat | status=200 | duration_ms=0.80
2026-09-28T17:39:21 | WARNING | mindcare | Chat rate limit exceeded | client=testclient
2026-09-28T17:39:21 | INFO | mindcare | HTTP request | method=POST | path=/chat | status=429 | duration_ms=0.49
2026-09-28T17:39:21 | INFO | mindcare | Session created | active_sessions=2
2026-09-28T17:39:21 | INFO | mindcare | HTTP request | method=POST | path=/session | status=200 | duration_ms=0.48
2026-09-28T17:39:21 | INFO | mindcare | Session created | active_sessions=3
2026-09-28T17:39:21 | INFO | mindcare | HTTP request | method=POST | path=/session | status=200 | duration_ms=0.51
2026-09-28T17:39:21 | WARNING | mindcare | Session creation rate limit exceeded | client=testclient
2026-09-28T17:39:21 | INFO | mindcare | HTTP request | method=POST | path=/session | status=429 | duration_ms=0.44
2026-09-28T17:39:21 | INFO | mindcare | Session created | active_sessions=4
2026-09-28T17:39:21 | INFO | mindcare | HTTP request | method=POST | path=/session | status=200 | duration_ms=0.73
2026-09-28T17:39:21 | INFO | mindcare | HTTP request | method=POST | path=/chat | status=200 | duration_ms=1.08
2026-09-28T17:39:21 | INFO | mindcare | HTTP request | method=POST | path=/chat | status=200 | duration_ms=0.79
2026-09-28T17:39:21 | INFO | mindcare | HTTP request | method=GET | path=/api/audit/recent | status=401 | duration_ms=0.34
2026-09-28T17:39:21 | INFO | mindcare | HTTP request | method=GET | path=/api/audit/recent | status=401 | duration_ms=0.36
2026-09-28T17:39:21 | INFO | mindcare | HTTP request | method=GET | path=/api/audit/recent | status=200 | duration_ms=0.66
2026-09-28T17:41:50 | INFO | mindcare | MindCare API initialized | version=1.2.0 | origins=6
2026-09-28T17:41:50 | INFO | mindcare | HTTP request | method=GET | path=/health | status=200 | duration_ms=0.41
2026-09-28T17:41:50 | INFO | mindcare | HTTP request | method=GET | path=/chat | status=405 | duration_ms=0.15
2026-09-28T17:41:50 | INFO | mindcare | HTTP request | method=GET | path=/session | status=405 | duration_ms=0.11
2026-09-28T17:41:50 | INFO | mindcare | HTTP request | method=DELETE | path=/chat | status=405 | duration_ms=0.19
2026-09-28T17:41:50 | INFO | mindcare | HTTP request | method=GET | path=/api/nonexistent | status=404 | duration_ms=0.14
2026-09-28T17:41:50 | INFO | mindcare | HTTP request | method=POST | path=/session | status=422 | duration_ms=0.38
2026-09-28T17:41:50 | INFO | mindcare | HTTP request | method=POST | path=/chat | status=422 | duration_ms=0.26
2026-09-28T17:41:50 | INFO | mindcare | HTTP request | method=POST | path=/chat | status=422 | duration_ms=0.71
2026-09-28T17:41:50 | INFO | mindcare | HTTP request | method=POST | path=/chat | status=422 | duration_ms=0.40
2026-09-28T17:41:50 | INFO | mindcare | HTTP request | method=POST | path=/chat | status=422 | duration_ms=0.29
2026-09-28T17:41:50 | INFO | mindcare | HTTP request | method=POST | path=/chat | status=422 | duration_ms=0.34
2026-09-28T17:41:50 | INFO | mindcare | HTTP request | method=POST | path=/session | status=422 | duration_ms=0.34
2026-09-28T17:41:50 | INFO | mindcare | HTTP request | method=POST | path=/chat | status=422 | duration_ms=0.27
2026-09-28T17:41:50 | INFO | mindcare | HTTP request | method=POST | path=/chat | status=422 | duration_ms=0.45
2026-09-28T17:41:50 | INFO | mindcare | HTTP request | method=POST | path=/session | status=422 | duration_ms=0.49
2026-09-28T17:41:50 | INFO | mindcare | HTTP request | method=GET | path=/api/audit/count | status=401 | duration_ms=0.38
2026-09-28T17:41:50 | INFO | mindcare | HTTP request | method=GET | path=/api/audit/recent | status=401 | duration_ms=0.43
2026-09-28T17:41:50 | INFO | mindcare | HTTP request | method=GET | path=/api/audit/count | status=401 | duration_ms=0.32
2026-09-28T17:41:50 | INFO | mindcare | HTTP request | method=GET | path=/api/audit/recent | status=401 | duration_ms=0.38
2026-09-28T17:41:50 | INFO | mindcare | Session manager initialized | max_sessions=1000 | ttl_seconds=7200
2026-09-28T17:41:50 | INFO | mindcare | Session created | active_sessions=1
2026-09-28T17:41:50 | INFO | mindcare | HTTP request | method=POST | path=/session | status=200 | duration_ms=0.60
2026-09-28T17:41:50 | INFO | mindcare | HTTP request | method=POST | path=/chat | status=200 | duration_ms=1.42
2026-09-28T17:41:50 | INFO | mindcare | HTTP request | method=POST | path=/chat | status=200 | duration_ms=0.84
2026-09-28T17:41:50 | WARNING | mindcare | Chat rate limit exceeded | client=testclient
2026-09-28T17:41:50 | INFO | mindcare | HTTP request | method=POST | path=/chat | status=429 | duration_ms=0.48
2026-09-28T17:41:50 | INFO | mindcare | Session created | active_sessions=2
2026-09-28T17:41:50 | INFO | mindcare | HTTP request | method=POST | path=/session | status=200 | duration_ms=0.59
2026-09-28T17:41:50 | INFO | mindcare | Session created | active_sessions=3
2026-09-28T17:41:50 | INFO | mindcare | HTTP request | method=POST | path=/session | status=200 | duration_ms=0.56
2026-09-28T17:41:50 | WARNING | mindcare | Session creation rate limit exceeded | client=testclient
2026-09-28T17:41:50 | INFO | mindcare | HTTP request | method=POST | path=/session | status=429 | duration_ms=0.61
2026-09-28T17:41:50 | INFO | mindcare | Session created | active_sessions=4
2026-09-28T17:41:50 | INFO | mindcare | HTTP request | method=POST | path=/session | status=200 | duration_ms=0.77
2026-09-28T17:41:50 | INFO | mindcare | HTTP request | method=POST | path=/chat | status=200 | duration_ms=0.93
2026-09-28T17:41:50 | INFO | mindcare | HTTP request | method=POST | path=/chat | status=200 | duration_ms=0.77
2026-09-28T17:41:50 | INFO | mindcare | HTTP request | method=GET | path=/api/audit/recent | status=401 | duration_ms=0.31
2026-09-28T17:41:50 | INFO | mindcare | HTTP request | method=GET | path=/api/audit/recent | status=401 | duration_ms=0.38
2026-09-28T17:41:50 | INFO | mindcare | HTTP request | method=GET | path=/api/audit/recent | status=200 | duration_ms=0.75
2026-09-28T17:44:04 | INFO | mindcare | MindCare API initialized | version=1.2.0 | origins=6
2026-09-28T17:44:08 | INFO | mindcare | MindCare API initialized | version=1.2.0 | origins=6
2026-09-28T17:44:10 | INFO | mindcare | MindCare API initialized | version=1.2.0 | origins=6
2026-09-28T23:41:51 | INFO | mindcare | MindCare API initialized | version=1.2.0 | origins=6
2026-09-28T23:41:53 | INFO | mindcare | MindCare API initialized | version=1.2.0 | origins=6
2026-09-28T23:42:06 | INFO | mindcare | MindCare API initialized | version=1.2.0 | origins=6
2026-09-28T23:42:49 | INFO | mindcare | MindCare API initialized | version=1.2.0 | origins=6
2026-09-28T23:42:49 | INFO | mindcare | HTTP request | method=GET | path=/health | status=200 | duration_ms=0.35
2026-09-28T23:42:49 | INFO | mindcare | HTTP request | method=GET | path=/chat | status=405 | duration_ms=0.16
2026-09-28T23:42:49 | INFO | mindcare | HTTP request | method=GET | path=/session | status=405 | duration_ms=0.12
2026-09-28T23:42:49 | INFO | mindcare | HTTP request | method=DELETE | path=/chat | status=405 | duration_ms=0.11
2026-09-28T23:42:49 | INFO | mindcare | HTTP request | method=GET | path=/api/nonexistent | status=404 | duration_ms=0.12
2026-09-28T23:42:49 | INFO | mindcare | HTTP request | method=POST | path=/session | status=422 | duration_ms=0.33
2026-09-28T23:42:49 | INFO | mindcare | HTTP request | method=POST | path=/chat | status=422 | duration_ms=0.32
2026-09-28T23:42:49 | INFO | mindcare | HTTP request | method=POST | path=/chat | status=422 | duration_ms=0.81
2026-09-28T23:42:49 | INFO | mindcare | HTTP request | method=POST | path=/chat | status=422 | duration_ms=0.61
2026-09-28T23:42:49 | INFO | mindcare | HTTP request | method=POST | path=/chat | status=422 | duration_ms=0.33
2026-09-28T23:42:49 | INFO | mindcare | HTTP request | method=POST | path=/chat | status=422 | duration_ms=0.29
2026-09-28T23:42:49 | INFO | mindcare | HTTP request | method=POST | path=/session | status=422 | duration_ms=0.35
2026-09-28T23:42:49 | INFO | mindcare | HTTP request | method=POST | path=/chat | status=422 | duration_ms=0.27
2026-09-28T23:42:49 | INFO | mindcare | HTTP request | method=POST | path=/chat | status=422 | duration_ms=0.40
2026-09-28T23:42:49 | INFO | mindcare | HTTP request | method=POST | path=/session | status=422 | duration_ms=0.47
2026-09-28T23:42:49 | INFO | mindcare | HTTP request | method=GET | path=/api/audit/count | status=401 | duration_ms=0.33
2026-09-28T23:42:49 | INFO | mindcare | HTTP request | method=GET | path=/api/audit/recent | status=401 | duration_ms=0.67
2026-09-28T23:42:49 | INFO | mindcare | HTTP request | method=GET | path=/api/audit/count | status=401 | duration_ms=0.52
2026-09-28T23:42:49 | INFO | mindcare | HTTP request | method=GET | path=/api/audit/recent | status=401 | duration_ms=0.43
2026-09-28T23:42:49 | INFO | mindcare | Session manager initialized | max_sessions=1000 | ttl_seconds=7200
2026-09-28T23:42:49 | INFO | mindcare | Session created | active_sessions=1
2026-09-28T23:42:49 | INFO | mindcare | HTTP request | method=POST | path=/session | status=200 | duration_ms=3.94
2026-09-28T23:42:49 | INFO | mindcare | HTTP request | method=POST | path=/chat | status=200 | duration_ms=5.20
2026-09-28T23:42:49 | INFO | mindcare | HTTP request | method=POST | path=/chat | status=200 | duration_ms=1.41
2026-09-28T23:42:49 | WARNING | mindcare | Chat rate limit exceeded | client=testclient
2026-09-28T23:42:49 | INFO | mindcare | HTTP request | method=POST | path=/chat | status=429 | duration_ms=0.42
2026-09-28T23:42:49 | INFO | mindcare | Session created | active_sessions=2
2026-09-28T23:42:49 | INFO | mindcare | HTTP request | method=POST | path=/session | status=200 | duration_ms=2.80
2026-09-28T23:42:49 | INFO | mindcare | Session created | active_sessions=3
2026-09-28T23:42:49 | INFO | mindcare | HTTP request | method=POST | path=/session | status=200 | duration_ms=3.25
2026-09-28T23:42:49 | WARNING | mindcare | Session creation rate limit exceeded | client=testclient
2026-09-28T23:42:49 | INFO | mindcare | HTTP request | method=POST | path=/session | status=429 | duration_ms=0.51
2026-09-28T23:42:50 | INFO | mindcare | Session created | active_sessions=4
2026-09-28T23:42:50 | INFO | mindcare | HTTP request | method=POST | path=/session | status=200 | duration_ms=2.88
2026-09-28T23:42:50 | INFO | mindcare | HTTP request | method=POST | path=/chat | status=200 | duration_ms=1.87
2026-09-28T23:42:50 | INFO | mindcare | HTTP request | method=POST | path=/chat | status=200 | duration_ms=1.34
2026-09-28T23:42:50 | INFO | mindcare | HTTP request | method=GET | path=/api/audit/recent | status=401 | duration_ms=0.32
2026-09-28T23:42:50 | INFO | mindcare | HTTP request | method=GET | path=/api/audit/recent | status=401 | duration_ms=0.38
2026-09-28T23:42:50 | INFO | mindcare | HTTP request | method=GET | path=/api/audit/recent | status=200 | duration_ms=0.66
2026-09-29T00:00:15 | INFO | mindcare | MindCare API initialized | version=1.2.0 | origins=6
2026-09-29T00:12:09 | INFO | mindcare | MindCare API initialized | version=1.2.0 | origins=6
2026-09-29T00:13:37 | INFO | mindcare | MindCare API initialized | version=1.2.0 | origins=6
2026-09-29T00:13:46 | INFO | mindcare | MindCare API initialized | version=1.2.0 | origins=6
2026-09-29T00:13:46 | INFO | mindcare | HTTP request | method=GET | path=/health | status=200 | duration_ms=0.39
2026-09-29T00:13:46 | INFO | mindcare | HTTP request | method=GET | path=/chat | status=405 | duration_ms=0.14
2026-09-29T00:13:46 | INFO | mindcare | HTTP request | method=GET | path=/session | status=405 | duration_ms=0.13
2026-09-29T00:13:46 | INFO | mindcare | HTTP request | method=DELETE | path=/chat | status=405 | duration_ms=0.27
2026-09-29T00:13:46 | INFO | mindcare | HTTP request | method=GET | path=/api/nonexistent | status=404 | duration_ms=0.16
2026-09-29T00:13:46 | INFO | mindcare | HTTP request | method=POST | path=/session | status=422 | duration_ms=0.38
2026-09-29T00:13:46 | INFO | mindcare | HTTP request | method=POST | path=/chat | status=422 | duration_ms=0.34
2026-09-29T00:13:46 | INFO | mindcare | HTTP request | method=POST | path=/chat | status=422 | duration_ms=0.95
2026-09-29T00:13:46 | INFO | mindcare | HTTP request | method=POST | path=/chat | status=422 | duration_ms=0.33
2026-09-29T00:13:46 | INFO | mindcare | HTTP request | method=POST | path=/chat | status=422 | duration_ms=0.30
2026-09-29T00:13:46 | INFO | mindcare | HTTP request | method=POST | path=/chat | status=422 | duration_ms=0.33
2026-09-29T00:13:46 | INFO | mindcare | HTTP request | method=POST | path=/session | status=422 | duration_ms=0.33
2026-09-29T00:13:46 | INFO | mindcare | HTTP request | method=POST | path=/chat | status=422 | duration_ms=0.30
2026-09-29T00:13:46 | INFO | mindcare | Session manager initialized | max_sessions=1000 | ttl_seconds=7200
2026-09-29T00:13:46 | WARNING | mindcare | Chat request rejected | session_not_found=true
2026-09-29T00:13:46 | INFO | mindcare | HTTP request | method=POST | path=/chat | status=404 | duration_ms=0.57
2026-09-29T00:13:46 | INFO | mindcare | HTTP request | method=POST | path=/session | status=422 | duration_ms=0.44
2026-09-29T00:13:46 | INFO | mindcare | HTTP request | method=GET | path=/api/audit/count | status=401 | duration_ms=0.38
2026-09-29T00:13:46 | INFO | mindcare | HTTP request | method=GET | path=/api/audit/recent | status=401 | duration_ms=0.33
2026-09-29T00:13:46 | INFO | mindcare | HTTP request | method=GET | path=/api/audit/count | status=401 | duration_ms=0.61
2026-09-29T00:13:46 | INFO | mindcare | HTTP request | method=GET | path=/api/audit/recent | status=401 | duration_ms=0.35
2026-09-29T00:13:47 | INFO | mindcare | Session created | active_sessions=1
2026-09-29T00:13:47 | INFO | mindcare | HTTP request | method=POST | path=/session | status=200 | duration_ms=3.36
2026-09-29T00:16:23 | INFO | mindcare | MindCare API initialized | version=1.2.0 | origins=6
2026-09-29T00:19:04 | INFO | mindcare | MindCare API initialized | version=1.2.0 | origins=6
2026-09-29T00:19:32 | INFO | mindcare | MindCare API initialized | version=1.2.0 | origins=6
2026-09-29T00:19:32 | INFO | mindcare | HTTP request | method=GET | path=/health | status=200 | duration_ms=0.35
2026-09-29T00:19:32 | INFO | mindcare | HTTP request | method=GET | path=/chat | status=405 | duration_ms=0.17
2026-09-29T00:19:32 | INFO | mindcare | HTTP request | method=GET | path=/session | status=405 | duration_ms=0.11
2026-09-29T00:19:32 | INFO | mindcare | HTTP request | method=DELETE | path=/chat | status=405 | duration_ms=0.10
2026-09-29T00:19:32 | INFO | mindcare | HTTP request | method=GET | path=/api/nonexistent | status=404 | duration_ms=0.11
2026-09-29T00:19:32 | INFO | mindcare | HTTP request | method=POST | path=/session | status=422 | duration_ms=0.39
2026-09-29T00:19:32 | INFO | mindcare | HTTP request | method=POST | path=/chat | status=422 | duration_ms=0.26
2026-09-29T00:19:32 | INFO | mindcare | HTTP request | method=POST | path=/chat | status=422 | duration_ms=0.32
2026-09-29T00:19:32 | INFO | mindcare | HTTP request | method=POST | path=/chat | status=422 | duration_ms=0.35
2026-09-29T00:19:32 | INFO | mindcare | HTTP request | method=POST | path=/chat | status=422 | duration_ms=0.27
2026-09-29T00:19:32 | INFO | mindcare | HTTP request | method=POST | path=/chat | status=422 | duration_ms=0.34
2026-09-29T00:19:32 | INFO | mindcare | HTTP request | method=POST | path=/session | status=422 | duration_ms=0.33
2026-09-29T00:19:32 | INFO | mindcare | HTTP request | method=POST | path=/chat | status=422 | duration_ms=0.29
2026-09-29T00:19:32 | INFO | mindcare | HTTP request | method=POST | path=/chat | status=422 | duration_ms=0.50
2026-09-29T00:19:32 | INFO | mindcare | HTTP request | method=POST | path=/session | status=422 | duration_ms=0.35
2026-09-29T00:19:32 | INFO | mindcare | HTTP request | method=GET | path=/api/audit/count | status=401 | duration_ms=0.32
2026-09-29T00:19:32 | INFO | mindcare | HTTP request | method=GET | path=/api/audit/recent | status=401 | duration_ms=0.41
2026-09-29T00:19:32 | INFO | mindcare | HTTP request | method=GET | path=/api/audit/count | status=401 | duration_ms=0.32
2026-09-29T00:19:32 | INFO | mindcare | HTTP request | method=GET | path=/api/audit/recent | status=401 | duration_ms=0.40
2026-09-29T00:19:32 | INFO | mindcare | Session manager initialized | max_sessions=1000 | ttl_seconds=7200
2026-09-29T00:19:32 | INFO | mindcare | Session created | active_sessions=1
2026-09-29T00:19:32 | INFO | mindcare | HTTP request | method=POST | path=/session | status=200 | duration_ms=3.59
2026-09-29T00:19:32 | INFO | mindcare | HTTP request | method=POST | path=/chat | status=200 | duration_ms=5.75
2026-09-29T00:19:32 | INFO | mindcare | HTTP request | method=POST | path=/chat | status=200 | duration_ms=1.44
2026-09-29T00:19:32 | WARNING | mindcare | Chat rate limit exceeded | client=testclient
2026-09-29T00:19:32 | INFO | mindcare | HTTP request | method=POST | path=/chat | status=429 | duration_ms=0.50
2026-09-29T00:19:32 | INFO | mindcare | Session created | active_sessions=2
2026-09-29T00:19:32 | INFO | mindcare | HTTP request | method=POST | path=/session | status=200 | duration_ms=3.06
2026-09-29T00:19:32 | INFO | mindcare | Session created | active_sessions=3
2026-09-29T00:19:32 | INFO | mindcare | HTTP request | method=POST | path=/session | status=200 | duration_ms=3.50
2026-09-29T00:19:32 | WARNING | mindcare | Session creation rate limit exceeded | client=testclient
2026-09-29T00:19:32 | INFO | mindcare | HTTP request | method=POST | path=/session | status=429 | duration_ms=0.50
2026-09-29T00:19:33 | INFO | mindcare | Session created | active_sessions=4
2026-09-29T00:19:33 | INFO | mindcare | HTTP request | method=POST | path=/session | status=200 | duration_ms=3.31
2026-09-29T00:19:33 | INFO | mindcare | HTTP request | method=POST | path=/chat | status=200 | duration_ms=1.84
2026-09-29T00:19:33 | INFO | mindcare | HTTP request | method=POST | path=/chat | status=200 | duration_ms=1.75
2026-09-29T00:19:33 | INFO | mindcare | HTTP request | method=GET | path=/api/audit/recent | status=401 | duration_ms=0.42
2026-09-29T00:19:33 | INFO | mindcare | HTTP request | method=GET | path=/api/audit/recent | status=401 | duration_ms=0.40
2026-09-29T00:19:33 | INFO | mindcare | HTTP request | method=GET | path=/api/audit/recent | status=200 | duration_ms=0.65
2026-09-29T00:23:26 | INFO | mindcare | MindCare API initialized | version=1.2.0 | origins=6
2026-09-29T00:23:26 | INFO | mindcare | Session manager initialized | max_sessions=1000 | ttl_seconds=7200
2026-09-29T00:23:26 | INFO | mindcare | Session created | active_sessions=1
2026-09-29T00:23:26 | INFO | mindcare | HTTP request | method=POST | path=/session | status=200 | duration_ms=3.68
2026-09-29T00:23:26 | INFO | mindcare | HTTP request | method=POST | path=/chat | status=200 | duration_ms=5.29
2026-09-29T00:23:26 | INFO | mindcare | HTTP request | method=GET | path=/api/audit/recent | status=200 | duration_ms=1.74
2026-09-29T01:06:47 | INFO | mindcare | MindCare API initialized | version=1.2.0 | origins=6
2026-09-29T01:06:56 | INFO | mindcare | HTTP request | method=GET | path=/health | status=200 | duration_ms=0.64
